version https://git-lfs.github.com/spec/v1
oid sha256:46a21b1942ed2bee429b680f1fa1c4bddce6c59249aebfff91d7c816e4af5d70
size 12754
