version https://git-lfs.github.com/spec/v1
oid sha256:e59b79b149c823493aa6fa7b1c52744c9034faec7a445fef35238aeb1d579757
size 42483
