version https://git-lfs.github.com/spec/v1
oid sha256:396b0276ee1e327648c038cba1c63e4176a03c0054a07de22bdeacdb6a65197a
size 41584
