version https://git-lfs.github.com/spec/v1
oid sha256:a2f380e44507663bebfc9ca336516319262e8db711aa0b98136b8aef41999296
size 8669982
