version https://git-lfs.github.com/spec/v1
oid sha256:ea60e84e71d1f6faa572bbfef9ef6fc851abbb08214fac68a496942f0ba05de2
size 248587044
