version https://git-lfs.github.com/spec/v1
oid sha256:16f8bee63896feb0a157f0a3c709c31e078bc38a0a66342e2808509364dd30da
size 11633
