version https://git-lfs.github.com/spec/v1
oid sha256:6b8ff969765d5cea3fb742afe9e9b09270c292eb1c234e706c0574dc6e5ae161
size 1104314
