version https://git-lfs.github.com/spec/v1
oid sha256:d9582a6ea7b772ed3f54881ccdee762491d2b8e38cbbc240eaf73a41c46fef37
size 7835601
