version https://git-lfs.github.com/spec/v1
oid sha256:529ef10687bc5b7285e84da6d233b7c55a60f580a63624b251f3fbb2e6c8c9a5
size 41479
