version https://git-lfs.github.com/spec/v1
oid sha256:145577dba1cb77972a5e0565200a58ee837b3141b6f735290ec68944383c1fad
size 147328
