// Jest Snapshot v1, https://goo.gl/fbAQLP

exports[`Spinner Renders without crashing 1`] = `
<div>
  <span
    aria-hidden="false"
    class="spinner my-spinner-class icon-wrapper"
    role="presentation"
  >
    <svg
      role="presentation"
      style="width: 48px; height: 48px;"
      viewBox="0 0 24 24"
    >
      <style>
        @keyframes spin { from { transform: rotate(0deg) } to { transform: rotate(360deg) } }
      </style>
      <g
        style="animation: spin linear 0.8s infinite; transform-origin: center;"
      >
        <path
          d="M12,4V2A10,10 0 0,0 2,12H4A8,8 0 0,1 12,4Z"
          style="fill: currentColor;"
        />
        <rect
          fill="transparent"
          height="24"
          width="24"
        />
      </g>
    </svg>
  </span>
</div>
`;
