version https://git-lfs.github.com/spec/v1
oid sha256:6321cc1a36ec8f3f5450982d48b69ab9aa44852dbfc8e6fe4c8694e22131da79
size 56919
