version https://git-lfs.github.com/spec/v1
oid sha256:4ac9ad0512d911a26f6ca29960a234752194bca17c2ddb6251f0ff9277a1feac
size 24582
