version https://git-lfs.github.com/spec/v1
oid sha256:324075355fa4973786b258d105ac101a458cfbc96cf7831c1e2d396352aa2770
size 44090
