version https://git-lfs.github.com/spec/v1
oid sha256:272e5cbdc16516037a20863f59654a4a3ed15768eced4eaec9f3aef51f70867e
size 27384
