version https://git-lfs.github.com/spec/v1
oid sha256:f4fc39921cdb89723b3f18785df5e4f8260e358204269bffcabc551fbe136195
size 1892239
