// Jest Snapshot v1, https://goo.gl/fbAQLP

exports[`merges object and function refs 1`] = `<div />`;
