version https://git-lfs.github.com/spec/v1
oid sha256:6b6f66ceb57d39668738c31d425071f9784d07a40dde616fed6d8b7c52585f6e
size 7896148
