version https://git-lfs.github.com/spec/v1
oid sha256:7a6ca117c013a6cbf5754978b0f8bc8d9c1ade75333b69f10385c55ff2cad863
size 7896112
