version https://git-lfs.github.com/spec/v1
oid sha256:56805733e98c6f9dd81be900dc172f8c17429992bcd2248365a16b339141ecaf
size 843387
