version https://git-lfs.github.com/spec/v1
oid sha256:9c5d991fcd22cf13580c5ee5b049fb9de371988719f86031cbda8c2925076bf4
size 229139
