version https://git-lfs.github.com/spec/v1
oid sha256:4b5993d3947235f3ec4e3aa66904aa70f2d51495229b45726196fc97b5a6be97
size 246728
