version https://git-lfs.github.com/spec/v1
oid sha256:0b5958c450632c524efec465d2050e94d61b2a639c02b475b04c2ec9005bc4a2
size 229560
