version https://git-lfs.github.com/spec/v1
oid sha256:2a3e1ed42128ee55eebb08e8ddff60f67006c5bb99e84f199dd5555787259845
size 2037502
