version https://git-lfs.github.com/spec/v1
oid sha256:004cb87210a4e628e4926e9d6950549c68b4b82cc03f2aa76d47f24dd40320ae
size 25485810
