version https://git-lfs.github.com/spec/v1
oid sha256:18ee029dec2ffe4e6ea533ef6b785e93456ef22bc3170e10d0cf0d9ee1ddd583
size 605663
